data[0] = GetProductReviewParams[productReviewId=user::apple]
data[1] = 200
data[2] = {"id":{"productCode":"apple","username":"user"},"locale":"en-US","comment":"Comment about apple"}
