data[0] = UpdateProductReviewParams[comment=Comment about apple,productReviewId=user::apple]
data[1] = 200
data[2] = {"id":{"productCode":"apple","username":"user"},"locale":"en-US","comment":"Comment about apple"}
